---
source: src/lib.rs
expression: text
---
"音声とは人の喉から言語として発せられた振動である。最も単純な表現として音声は波、すなわち振幅の時間変動で表される。一方で波には\n様々な表現が存在する。例えばフーリエ変換を介して周波数表現でも等価に表現できるし、STFTによりスペクトログラムとしても表現でき\nる。このように波である音声を分析し異なる表現へ変換することを音声分析という。\n\n音声分析により得られる音響特徴言にはスペクトログラム、基本周波数などが挙げられる。 これらの音響特徴量は音声認識や音声合成の入力\nとして利用される。\n"
